============================================================
Device: cuda
載入資料...
  Train: 84707 rows, 14995 rallies
  Test:  3589 rows, 1236 rallies
  選手數: 189
======================================================================
V5-Z Advanced Calibration: bagging + plug-in additive log-bias
======================================================================
Seeds available: ['1337', '2024', '42']
Reindexing OOFs to sample-idx canonical order...
  3000/14995...
  6000/14995...
  9000/14995...
  12000/14995...
  3000/14995...
  6000/14995...
  9000/14995...
  12000/14995...
  3000/14995...
  6000/14995...
  9000/14995...
  12000/14995...
Action classes: 19, Point classes: 10
OOF samples: 69712

Raw component (bagged across seeds):
  LSTM  action F1=0.4271  point F1=0.2430
  LGB   action F1=0.3864  point F1=0.2290

Search scalar α (ens = α*LSTM + (1-α)*LGB):
  action α=0.65  raw F1_a=0.4314
  point  α=0.70  raw F1_p=0.2474

Plug-in additive log-bias (per-class):
  action F1_a=0.4381  bias_a=[ 0.2  0.  -0.2  0.5 -0.2  0.3  0.1  0.   0.4  0.   0.  -0.1 -0.2 -0.2
  0.2  0.8  0.7  0.   0. ]
  point  F1_p=0.2630  bias_p=[-0.2  0.  -0.2  1.1  0.   0.  -0.4  0.2  0.2  0. ]

Final OOF CV: 0.4804

Submission: submissions/submission_v5z_advcal_bag3.csv  (1236 rows)

→ Compare:
  baseline floor (epoch5): 0.4143
  V5Z bag3 additive cal: 0.4804
