============================================================
Device: cuda
載入資料...
  Train: 84707 rows, 14995 rallies
  Test:  3589 rows, 1236 rallies
  選手數: 189
======================================================================
V5-Z Advanced Calibration: bagging + plug-in additive log-bias
======================================================================
Seeds: ['42']
Reindexing OOFs to sample-idx canonical order...
  3000/14995...
  6000/14995...
  9000/14995...
  12000/14995...
Action classes: 19, Point classes: 10
OOF samples: 69712

Raw component (bagged across seeds):
  LSTM  action F1=0.4182  point F1=0.2394
  LGB   action F1=0.3788  point F1=0.2424

Search scalar α (ens = α*LSTM + (1-α)*LGB), step=0.01:
  action α=0.58  raw F1_a=0.4281
  point  α=0.45  raw F1_p=0.2535

Plug-in additive log-bias (per-class):
  action F1_a=0.4328  bias_a=[ 0.4  -0.05 -0.05  0.45  0.    0.15  0.15  0.05  0.15  0.   -0.05  0.
 -0.2   0.   -0.    1.85 -0.7   0.    0.  ]
  point  F1_p=0.2725  bias_p=[-0.25  0.25  0.    1.1   0.25  0.2  -0.15  0.25  0.15 -0.1 ]

Final OOF CV: 0.4821

Submission: submissions/submission_v5z_av2_advcal_bag1.csv  (1236 rows)

→ Compare:
  baseline floor (epoch5): 0.4143
  V5Z bag1 additive cal: 0.4821
