============================================================
Device: cuda
載入資料...
  Train: 84707 rows, 14995 rallies
  Test:  3589 rows, 1236 rallies
  選手數: 189
==============================================================================
A2: Class suppression on match-disjoint bag2
==============================================================================

Loading match-disjoint bag2 artifacts...
  α_action=0.85  α_point=0.98
  3000/14995...
  6000/14995...
  9000/14995...
  12000/14995...
  3000/14995...
  6000/14995...
  9000/14995...
  12000/14995...

Greedy class suppression (action):
  action baseline F1 = 0.3678

Greedy class suppression (point):
  point baseline F1 = 0.2357

==============================================================================
SUMMARY
==============================================================================
  Action:  F1 0.3678 → 0.3678  (Δ=+0.0000)  suppressed: []
  Point:   F1 0.2357 → 0.2357  (Δ=+0.0000)  suppressed: []
  CV:      0.4414 → 0.4414  (Δ=+0.0000)

  → Suppression gain < 0.001. Marginal. Skip ship.
