============================================================
Device: cuda
載入資料...
  Train: 84707 rows, 14995 rallies
  Test:  5668 rows, 1845 rallies (csv=data/test_new.csv, has_sgp=False)
  選手數: 197 (PID2IDX from train + data/test_new.csv)
======================================================================
Multi-prefix test sgp extraction — seed 42
======================================================================
Weights tag: v5z_md_sgpaux_s42
Multi-prefix test samples: 5668
Fold 1/5: loaded models/v5z/model_v5z_md_sgpaux_s42_lstm_fold1.pt
Fold 2/5: loaded models/v5z/model_v5z_md_sgpaux_s42_lstm_fold2.pt
Fold 3/5: loaded models/v5z/model_v5z_md_sgpaux_s42_lstm_fold3.pt
Fold 4/5: loaded models/v5z/model_v5z_md_sgpaux_s42_lstm_fold4.pt
Fold 5/5: loaded models/v5z/model_v5z_md_sgpaux_s42_lstm_fold5.pt

Multi-prefix per-rally test pred stats:
  Rallies: 1845
  mean 0.5288, std 0.0355, range [0.4045, 0.6622]

→ Saved artifacts/sgp_aux_test_multiprefix_NEWTEST_s42.npz

Pearson(multi-prefix, single-prefix test): 0.7983
  single mean=0.5288, multi mean=0.5288
