============================================================
Device: cuda
載入資料...
  Train: 84707 rows, 14995 rallies
  Test:  3589 rows, 1236 rallies
  選手數: 189
==============================================================================
FAIR COMPARISON: full-OOF vs test-L-weighted calibration
==============================================================================

Reindexing OOFs (replicate advcal_v5z)...
  3000/14995...
  6000/14995...
  9000/14995...
  12000/14995...
  3000/14995...
  6000/14995...
  9000/14995...
  12000/14995...
  OOF samples: 69712, n_action=19, n_point=10

Computing prefix length k per OOF sample...
  3000/14995...
  6000/14995...
  9000/14995...
  12000/14995...
  3000/14995...
  6000/14995...
  9000/14995...
  12000/14995...
  k stats: min=1, max=51, mean=4.53

Loading test L distribution...
  test rallies: 1236, mean L=2.90
  p_train(k bucket): [0.2151 0.1883 0.1512 0.1878 0.1751 0.0826]
  p_test(L bucket):  [0.322  0.2403 0.1667 0.1626 0.0906 0.0178]
  weight range: [0.216, 1.497], ESS=59890 / 69712

------------------------------------------------------------------------------
Fit 1: alpha + bias under UNIFORM (full-OOF) macro-F1
------------------------------------------------------------------------------
  action α_F=0.64  point α_F=0.50
  uniform F1: action=0.4389  point=0.2650

------------------------------------------------------------------------------
Fit 2: alpha + bias under TEST-L-WEIGHTED macro-F1
------------------------------------------------------------------------------
  action α_T=0.66  point α_T=0.50
  testw F1:  action=0.4388  point=0.2643

==============================================================================
CROSS-EVALUATION MATRIX
==============================================================================

metric @ fit           F1_action    F1_point    CV (0.4*+0.4*+0.2)
------------------------------------------------------------------------------
F@(F-fit)                 0.4389      0.2650                0.4816
F@(T-fit)                 0.4380      0.2648                0.4811
T@(F-fit)                 0.4394      0.2640                0.4814
T@(T-fit)                 0.4388      0.2643                0.4813

==============================================================================
DECISION
==============================================================================

  test-L-weighted CV under (F-fit α/b): 0.4814
  test-L-weighted CV under (T-fit α/b): 0.4813
  Δ (T-fit minus F-fit, on T-metric):   -0.0001

  Interpretation:
  → Tie (|Δ|<0.001).
     Calibration is irrelevant lever; can't distinguish hypotheses.
     [H4] gap is dominated by non-length factors.
     RECOMMEND: Default to abandon E (Occam), prioritize A/D.
