============================================================
Device: cuda
載入資料...
  Train: 84707 rows, 14995 rallies
  Test:  3589 rows, 1236 rallies
  選手數: 189
==============================================================================
P2 Stacking probe — kNN-LGB + bag2 ship Caruana stacking
==============================================================================

kNN OOF loaded: action (69712, 19), point (69712, 10)
  3000/14995...
  6000/14995...
  9000/14995...
  12000/14995...

  Bag2 ship OOF: F1_a=0.3678, F1_p=0.2357, avg=0.3017
  kNN alone OOF: F1_a=0.1973, F1_p=0.1466

──────────────────────────────────────────────────────────────────────────────
Stacking weight search (w_kNN ∈ [0, 1], step 0.05)
──────────────────────────────────────────────────────────────────────────────

  Action stacking:
  w_kNN     F1_action   Δ_vs_ship   
  0.00      0.3678      +0.0000     
  0.05      0.3665      -0.0013     
  0.10      0.3646      -0.0032     
  0.15      0.3625      -0.0052     
  0.20      0.3576      -0.0102     
  0.25      0.3504      -0.0174     
  0.30      0.3417      -0.0260     
  0.35      0.3314      -0.0363     
  0.40      0.3181      -0.0497     
  0.45      0.3042      -0.0636     
  0.50      0.2898      -0.0779     
  0.55      0.2739      -0.0938     
  0.60      0.2591      -0.1086     
  0.65      0.2435      -0.1243     
  0.70      0.2337      -0.1340     
  0.75      0.2255      -0.1423     
  0.80      0.2181      -0.1496     
  0.85      0.2128      -0.1549     
  0.90      0.2076      -0.1601     
  0.95      0.2030      -0.1647     
  1.00      0.1973      -0.1704     

  Point stacking:
  w_kNN     F1_point    Δ_vs_ship   
  0.00      0.2357      +0.0000     
  0.05      0.2331      -0.0026     
  0.10      0.2294      -0.0063     
  0.15      0.2247      -0.0109     
  0.20      0.2191      -0.0166     
  0.25      0.2120      -0.0236     
  0.30      0.2058      -0.0299     
  0.35      0.1984      -0.0373     
  0.40      0.1919      -0.0437     
  0.45      0.1875      -0.0481     
  0.50      0.1815      -0.0542     
  0.55      0.1764      -0.0593     
  0.60      0.1718      -0.0639     
  0.65      0.1681      -0.0676     
  0.70      0.1633      -0.0723     
  0.75      0.1607      -0.0749     
  0.80      0.1562      -0.0795     
  0.85      0.1531      -0.0826     
  0.90      0.1509      -0.0848     
  0.95      0.1489      -0.0867     
  1.00      0.1466      -0.0891     

──────────────────────────────────────────────────────────────────────────────
Optimal stacking results
──────────────────────────────────────────────────────────────────────────────

  Action: best w_kNN = 0.00, F1 = 0.3678 (ship 0.3678, Δ=+0.0000)
  Point:  best w_kNN = 0.00, F1 = 0.2357 (ship 0.2357, Δ=+0.0000)

  Bag2 ship score: 0.4414
  Stacked score:   0.4414
  Δ score:         +0.0000

──────────────────────────────────────────────────────────────────────────────
Held-out verification (OOF half split)
──────────────────────────────────────────────────────────────────────────────

  Held-out (val half) — fit weights from first half:
    Action: w_kNN=0.00, stacked F1=0.3680, ship F1=0.3680, Δ=+0.0000
    Point:  w_kNN=0.00, stacked F1=0.2343, ship F1=0.2343, Δ=+0.0000
    Avg Δ:  +0.0000

==============================================================================
DECISION
==============================================================================

  ⚠️  MARGINAL — held-out lift +0.0000 ∈ [0, 0.002)
  → Cheap kNN provides almost no ensemble lift
  → Full hidden-state version: minimal expected lift
