============================================================
Device: cuda
載入資料...
  Train: 84707 rows, 14995 rallies
  Test:  3589 rows, 1236 rallies
  選手數: 189
==============================================================================
P1: Estimated-test-marginal plug-in re-fit
==============================================================================
Current ship: a_alpha=0.85, p_alpha=0.98
  3000/14995...
  6000/14995...
  9000/14995...
  12000/14995...

[Sanity] Current ship OOF: F1_a=0.3678, F1_p=0.2357, Score=0.4414

──────────────────────────────────────────────────────────────────────────────
Step 1: Temperature scaling on OOF (Alexandari 2020)
──────────────────────────────────────────────────────────────────────────────
  T_action = 0.834 (NLL: 1.3634)
  T_point  = 0.739 (NLL: 1.8220)

──────────────────────────────────────────────────────────────────────────────
Step 2: Saerens EM for q_test estimate
──────────────────────────────────────────────────────────────────────────────
  Saerens converged: action 86 iter, point 27 iter

  Action q_test vs p_OOF (active classes 0-14):
  cls  p_OOF     q_test    q-p       q/p       
  0    0.0294    0.0621    +0.0327   2.111     
  1    0.2214    0.0112    -0.2102   0.050     
  2    0.0909    0.0073    -0.0836   0.081     
  3    0.0305    0.0019    -0.0287   0.062     
  4    0.0378    0.0349    -0.0029   0.923     
  5    0.0601    0.0124    -0.0477   0.207     
  6    0.0952    0.0182    -0.0770   0.191     
  7    0.0203    0.0888    +0.0685   4.379     
  8    0.0053    0.6898    +0.6844   129.259   
  9    0.0114    0.0011    -0.0103   0.093     
  10   0.1608    0.0051    -0.1557   0.032     
  11   0.0505    0.0279    -0.0226   0.553     
  12   0.0649    0.0016    -0.0632   0.025     
  13   0.1126    0.0300    -0.0825   0.267     
  14   0.0088    0.0078    -0.0010   0.885     

  Point q_test vs p_OOF:
  0    0.2189    0.0055    -0.2135   0.025     
  1    0.0083    0.0004    -0.0080   0.042     
  2    0.0275    0.0007    -0.0269   0.025     
  3    0.0029    0.9758    +0.9729   335.091   
  4    0.0430    0.0010    -0.0419   0.024     
  5    0.0945    0.0021    -0.0923   0.022     
  6    0.0657    0.0015    -0.0643   0.023     
  7    0.1309    0.0033    -0.1276   0.025     
  8    0.1777    0.0043    -0.1734   0.024     
  9    0.2306    0.0055    -0.2250   0.024     

──────────────────────────────────────────────────────────────────────────────
Step 3: Re-fit plug-in with q-weighted macro-F1 objective
──────────────────────────────────────────────────────────────────────────────
  Fitting action plug-in (this may take 1-2 min)...
  Action: weighted F1 = 0.4192 (30.1s)
  Fitting point plug-in...
  Point: weighted F1 = 0.2309 (14.7s)

  P1 OOF (standard macro-F1):
    F1_a = 0.3218 (current 0.3678, Δ=-0.0459)
    F1_p = 0.2031 (current 0.2357, Δ=-0.0326)
    Score = 0.4100 (current 0.4414, Δ=-0.0314)

  Note: standard OOF F1 may be LOWER for P1 because it's optimized for q_test, not p_OOF.
  The hope is that under TEST distribution (q_test), P1 macro-F1 > current ship.

──────────────────────────────────────────────────────────────────────────────
Step 4: Held-out OOF verification
──────────────────────────────────────────────────────────────────────────────
  Fitting P1 plug-in on FIT half...

  Held-out (VAL half) weighted macro-F1:
    Action: P1 bias = 0.4078  vs current bias = 0.3334  Δ=+0.0744
    Point:  P1 bias = 0.2205  vs current bias = 0.1885  Δ=+0.0320
    Avg Δ:  +0.0532

  Held-out STANDARD macro-F1 (action):
    P1 bias = 0.3291  vs current = 0.3901  Δ=-0.0610

──────────────────────────────────────────────────────────────────────────────
Step 5: Generate test submission
──────────────────────────────────────────────────────────────────────────────
  Submission saved: submissions/submission_v5z_md_p1_relabel.csv
  Test action distribution: {0: 116, 1: 146, 2: 40, 3: 8, 4: 77, 5: 65, 6: 106, 7: 188, 8: 170, 9: 15, 10: 23, 11: 81, 12: 9, 13: 179, 14: 13}
  Test point distribution:  {0: 195, 1: 4, 2: 1, 3: 245, 4: 32, 5: 64, 6: 28, 7: 121, 8: 174, 9: 372}

  Test predictions diff from current ship:
    Action: 503/1236 (40.7%) different
    Point:  357/1236 (28.9%) different

  Artifacts saved: artifacts/probe_p1_relabel.npz

==============================================================================
DECISION SUMMARY
==============================================================================

  Held-out weighted macro-F1 Δ: +0.0532
  ✅ PROCEED — held-out lift 0.0532 > +0.005
  → Submit submissions/submission_v5z_md_p1_relabel.csv to LB
