============================================================
Device: cuda
載入資料...
  Train: 84707 rows, 14995 rallies
  Test:  3589 rows, 1236 rallies
  選手數: 189
==============================================================================
PROBE AV2 — MATCH-DISJOINT (seed=42)
Goal: do cross-rally aggregate player_stats add LGB OOF F1 under match-disjoint?
==============================================================================

Building training samples + LGB features...
  3000/14995...
  6000/14995...
  9000/14995...
  12000/14995...
  Match-disjoint folds: f1=44 f2=43 f3=42 f4=42 f5=45

==============================================================================
Full 5-fold LGB-only training (action+point) with V2 features
==============================================================================

--- Fold 1/5 ---
  player_stats: 144 players, 0.2s
  [LGB] 3000/14995...
  [LGB] 6000/14995...
  [LGB] 9000/14995...
  [LGB] 12000/14995...
  Training LGB action (with V2 features, 80 cols)...
  Training LGB point (with V2 features)...
  Fold 1: action F1=0.2985  point F1=0.1651  (V2 features)
  Training LGB action (without V2, 48 cols, dropped 32)...
  Fold 1: action F1=0.3350  point F1=0.1770  (NO V2)
  Δ        action +-0.0365  point +-0.0119

--- Fold 2/5 ---
  player_stats: 149 players, 0.3s
  [LGB] 3000/14995...
  [LGB] 6000/14995...
  [LGB] 9000/14995...
  [LGB] 12000/14995...
  Training LGB action (with V2 features, 80 cols)...
  Training LGB point (with V2 features)...
  Fold 2: action F1=0.3192  point F1=0.2036  (V2 features)
  Training LGB action (without V2, 48 cols, dropped 32)...
  Fold 2: action F1=0.3302  point F1=0.2100  (NO V2)
  Δ        action +-0.0110  point +-0.0064

--- Fold 3/5 ---
  player_stats: 142 players, 0.2s
  [LGB] 3000/14995...
  [LGB] 6000/14995...
  [LGB] 9000/14995...
  [LGB] 12000/14995...
  Training LGB action (with V2 features, 80 cols)...
  Training LGB point (with V2 features)...
  Fold 3: action F1=0.3560  point F1=0.1787  (V2 features)
  Training LGB action (without V2, 48 cols, dropped 32)...
  Fold 3: action F1=0.3396  point F1=0.1683  (NO V2)
  Δ        action ++0.0163  point ++0.0103

--- Fold 4/5 ---
  player_stats: 146 players, 0.3s
  [LGB] 3000/14995...
  [LGB] 6000/14995...
  [LGB] 9000/14995...
  [LGB] 12000/14995...
  Training LGB action (with V2 features, 80 cols)...
  Training LGB point (with V2 features)...
  Fold 4: action F1=0.3626  point F1=0.1554  (V2 features)
  Training LGB action (without V2, 48 cols, dropped 32)...
  Fold 4: action F1=0.3561  point F1=0.1707  (NO V2)
  Δ        action ++0.0064  point +-0.0153

--- Fold 5/5 ---
  player_stats: 147 players, 0.2s
  [LGB] 3000/14995...
  [LGB] 6000/14995...
  [LGB] 9000/14995...
  [LGB] 12000/14995...
  Training LGB action (with V2 features, 80 cols)...
  Training LGB point (with V2 features)...
  Fold 5: action F1=0.3350  point F1=0.1863  (V2 features)
  Training LGB action (without V2, 48 cols, dropped 32)...
  Fold 5: action F1=0.3201  point F1=0.1818  (NO V2)
  Δ        action ++0.0148  point ++0.0046

==============================================================================
5-FOLD AVG: action(V2)=0.3343  point(V2)=0.1778
5-FOLD AVG: action(no V2)=0.3362  point(no V2)=0.1815
5-FOLD AVG Δ: action -0.0020  point -0.0037
5-FOLD AVG Δ blended (0.5+0.5): -0.0028

==============================================================================
DECISION CRITERIA
==============================================================================
  Blended Δ = -0.0028 < +0.002 → **RAW stats don't help on LGB**
  → AE compression of these stats will NOT help (Attack 7 confirmed)
  → **KILL Plan E**
