============================================================
Device: cuda
載入資料...
  Train: 84707 rows, 14995 rallies
  Test:  3589 rows, 1236 rallies
  選手數: 189
==============================================================================
P1 v2: m_hat-direct q estimate (avoid Saerens EM degeneracy)
==============================================================================
  3000/14995...
  6000/14995...
  9000/14995...
  12000/14995...
Current ship OOF F1: action=0.3678, point=0.2357

Temperature scaling: T_a=0.834, T_p=0.739

──────────────────────────────────────────────────────────────────────────────
Step 2: q estimate via m_hat (mean test softmax) with clamping
──────────────────────────────────────────────────────────────────────────────

  Action q (clamped to [0.5×, 2.0×] of p_OOF):
  cls  p_OOF     m_hat     q_clamp   q-p       q/p       
  0    0.0294    0.0407    0.0409    +0.0115   1.391     
  1    0.2214    0.2095    0.2104    -0.0111   0.950     
  2    0.0909    0.0684    0.0687    -0.0222   0.756     
  3    0.0305    0.0245    0.0246    -0.0059   0.806     
  4    0.0378    0.0637    0.0640    +0.0261   1.691     
  5    0.0601    0.0658    0.0660    +0.0059   1.098     
  6    0.0952    0.0972    0.0975    +0.0024   1.025     
  7    0.0203    0.0465    0.0407    +0.0204   2.008     
  8    0.0053    0.0154    0.0107    +0.0054   2.008     
  9    0.0114    0.0241    0.0229    +0.0115   2.008     
  10   0.1608    0.1202    0.1207    -0.0401   0.751     
  11   0.0505    0.0710    0.0713    +0.0207   1.411     
  12   0.0649    0.0244    0.0326    -0.0323   0.502     
  13   0.1126    0.1162    0.1167    +0.0041   1.037     
  14   0.0088    0.0123    0.0124    +0.0036   1.407     

  Point q:
  0    0.2189    0.2067    0.2171    -0.0019   0.991     
  1    0.0083    0.0371    0.0175    +0.0092   2.101     
  2    0.0275    0.0558    0.0579    +0.0303   2.101     
  3    0.0029    0.0327    0.0061    +0.0032   2.101     
  4    0.0430    0.0464    0.0488    +0.0058   1.135     
  5    0.0945    0.0741    0.0778    -0.0166   0.824     
  6    0.0657    0.0510    0.0536    -0.0121   0.815     
  7    0.1309    0.1327    0.1394    +0.0085   1.065     
  8    0.1777    0.1633    0.1715    -0.0062   0.965     
  9    0.2306    0.2003    0.2104    -0.0202   0.912     

──────────────────────────────────────────────────────────────────────────────
Step 3: Re-fit plug-in with q-weighted macro-F1
──────────────────────────────────────────────────────────────────────────────
  Action: weighted F1 = 0.4338 (38.1s)
  Point: weighted F1 = 0.2488 (14.9s)

  P1 v2 OOF (standard macro-F1, the LB metric):
    F1_a = 0.3650 (current 0.3678, Δ=-0.0028)
    F1_p = 0.2338 (current 0.2357, Δ=-0.0018)
    Score = 0.4395 (current 0.4414, Δ=-0.0018)

──────────────────────────────────────────────────────────────────────────────
Step 5: Held-out verification (STANDARD macro-F1)
──────────────────────────────────────────────────────────────────────────────

  Held-out STANDARD macro-F1:
    Action: P1 v2 = 0.3814, current = 0.3901, Δ=-0.0087
    Point:  P1 v2 = 0.2308, current = 0.2291, Δ=+0.0017
    Avg Δ:  -0.0035

──────────────────────────────────────────────────────────────────────────────
Step 6: Decision
──────────────────────────────────────────────────────────────────────────────

  ❌ KILL — held-out standard F1 regressed -0.0035
  → P1 v2 fails LB-metric test; do not submit
  → m_hat as q estimate also doesn't deliver lift on this dataset
