============================================================
Device: cuda
載入資料...
  Train: 84707 rows, 14995 rallies
  Test:  3589 rows, 1236 rallies
  選手數: 189
======================================================================
V7 Phase 1: advanced calibration (fast)
======================================================================
OOF 樣本: 69712

──────────────────────────────────────────────────────────────────────
【B】V6 P1 baseline (additive bias, w step=0.1)
  action: w_a=0.40 F1_a=0.4348 (101.8s)
  point:  w_p=0.20 F1_p=0.2810 (40.6s)
  → V6 P1 Score: 0.4863

──────────────────────────────────────────────────────────────────────
【1】Rank averaging + additive bias
  action: w_a=0.40 F1_a=0.3991 (79.0s)
  point:  w_p=0.20 F1_p=0.2660 (28.3s)
  → Rank avg Score: 0.4660

──────────────────────────────────────────────────────────────────────
【2】Prob avg + hybrid (mul+add)
  action: w_a=0.50 F1_a=0.4341 (119.4s)
  point:  w_p=0.30 F1_p=0.2794 (51.5s)
  → Hybrid Score: 0.4854

──────────────────────────────────────────────────────────────────────
【3】Rank avg + hybrid
  action: w_a=0.40 F1_a=0.4345 (96.1s)
  point:  w_p=0.20 F1_p=0.2804 (39.4s)
  → Rank + hybrid Score: 0.4860

======================================================================
【Summary】

方法                            F1_a     F1_p    Score  w_a/w_p
──────────────────────────────────────────────────────────────────────
baseline_additive           0.4348   0.2810   0.4863  0.40/0.20  ←
rank_additive               0.3991   0.2660   0.4660  0.40/0.20
prob_hybrid                 0.4341   0.2794   0.4854  0.50/0.30
rank_hybrid                 0.4345   0.2804   0.4860  0.40/0.20

🏆 最佳: baseline_additive  Score=0.4863
   V6 P1: 0.4871   Ceiling ~0.4937  Gain=+-0.0008

參數已存 v7_p1_params.npz
