============================================================
Device: cuda
載入資料...
  Train: 84707 rows, 14995 rallies
  Test:  3589 rows, 1236 rallies
  選手數: 189
  3000/14995...
  6000/14995...
  9000/14995...
  12000/14995...
  3000/14995...
  6000/14995...
  9000/14995...
  12000/14995...
  3000/14995...
  6000/14995...
  9000/14995...
  12000/14995...
  3000/14995...
  6000/14995...
  9000/14995...
  12000/14995...
  3000/14995...
  6000/14995...
  9000/14995...
  12000/14995...
  3000/14995...
  6000/14995...
  9000/14995...
  12000/14995...
6-way MT2+base4 OOF CV = 0.4456
Saved: submissions/submission_v5z_md_6way_mt2base4.csv (1236 rows)
  α=(0.96,0.99), pred_a top: {1: 294, 6: 140, 10: 124, 11: 103, 13: 147}
