============================================================
Device: cuda
載入資料...
  Train: 84707 rows, 14995 rallies
  Test:  5668 rows, 1845 rallies (csv=data/test_new.csv, has_sgp=False)
  選手數: 197 (PID2IDX from train + data/test_new.csv)

============================================================
準備資料...
  3000/14995...
  6000/14995...
  9000/14995...
  12000/14995...
  LSTM 訓練樣本: 69712
  LSTM 測試樣本: 1845
建立 LGB 特徵...
  [LGB] 3000/14995...
  [LGB] 6000/14995...
  [LGB] 9000/14995...
  [LGB] 12000/14995...
  LGB 特徵: 48 個
  準備完成 (18.5s)

  actionId weights: {0: 0.426, 1: 0.155, 2: 0.242, 3: 0.418, 4: 0.376, 5: 0.298, 6: 0.237, 7: 0.513, 8: 1.0, 9: 0.684, 10: 0.182, 11: 0.325, 12: 0.287, 13: 0.218, 14: 0.779}
  pointId weights:  {0: 0.115, 1: 0.591, 2: 0.325, 3: 1.0, 4: 0.26, 5: 0.176, 6: 0.21, 7: 0.149, 8: 0.128, 9: 0.112}

============================================================
開始 5-fold CV (V5: LSTM+LGB Ensemble)
  CV: StratifiedGroupKFold by match_id (match-disjoint)
    fold 1: 172 train matches | 44 val matches
    fold 2: 173 train matches | 43 val matches
    fold 3: 174 train matches | 42 val matches
    fold 4: 174 train matches | 42 val matches
    fold 5: 171 train matches | 45 val matches

──────────────────────────────────────────────────
Fold 1/5
  LSTM Train: 57619, Val: 12093
  E  1: loss=2.7533 F1_act=0.2146 F1_pt=0.1246 Score=0.3357 tf_p=0.50
  E  5: loss=2.2735 F1_act=0.3410 F1_pt=0.1703 Score=0.4045 tf_p=0.45
  E 10: loss=2.1543 F1_act=0.3609 F1_pt=0.1825 Score=0.4174 tf_p=0.39
  E 15: loss=2.1248 F1_act=0.3726 F1_pt=0.1830 Score=0.4223 tf_p=0.33
  E 20: loss=2.1145 F1_act=0.3695 F1_pt=0.1821 Score=0.4206 tf_p=0.26
  E 25: loss=2.0995 F1_act=0.3734 F1_pt=0.1925 Score=0.4264 tf_p=0.20
  E 30: loss=2.0755 F1_act=0.3609 F1_pt=0.1920 Score=0.4212 tf_p=0.14
  E 35: loss=2.0550 F1_act=0.3710 F1_pt=0.1928 Score=0.4255 tf_p=0.08
  Early stop at epoch 35
  Fold 1 best: 0.4264
  LGB Train: 57619, Val: 12093
Training until validation scores don't improve for 30 rounds
Early stopping, best iteration is:
[121]	valid_0's multi_logloss: 1.49454
  LGB actionId: F1=0.2898 (best_iter=121)
Training until validation scores don't improve for 30 rounds
Early stopping, best iteration is:
[82]	valid_0's multi_logloss: 1.74505
  LGB pointId: F1=0.1671 (best_iter=82)
  Ensemble F1_act=0.3169 F1_pt=0.1789 Score=0.3983

──────────────────────────────────────────────────
Fold 2/5
  LSTM Train: 57089, Val: 12623
  E  1: loss=2.7780 F1_act=0.2049 F1_pt=0.1551 Score=0.3440 tf_p=0.50
  E  5: loss=2.2875 F1_act=0.3597 F1_pt=0.2002 Score=0.4240 tf_p=0.45
  E 10: loss=2.1696 F1_act=0.3752 F1_pt=0.2155 Score=0.4363 tf_p=0.39
  E 15: loss=2.1346 F1_act=0.3795 F1_pt=0.2206 Score=0.4400 tf_p=0.33
  E 20: loss=2.1269 F1_act=0.3826 F1_pt=0.2206 Score=0.4413 tf_p=0.26
  E 25: loss=2.1157 F1_act=0.3797 F1_pt=0.2248 Score=0.4418 tf_p=0.20
  E 30: loss=2.0874 F1_act=0.3838 F1_pt=0.2260 Score=0.4439 tf_p=0.14
  Early stop at epoch 33
  Fold 2 best: 0.4481
  LGB Train: 57089, Val: 12623
Training until validation scores don't improve for 30 rounds
Early stopping, best iteration is:
[93]	valid_0's multi_logloss: 1.35179
  LGB actionId: F1=0.3074 (best_iter=93)
Training until validation scores don't improve for 30 rounds
Early stopping, best iteration is:
[92]	valid_0's multi_logloss: 1.74913
  LGB pointId: F1=0.2054 (best_iter=92)
  Ensemble F1_act=0.3584 F1_pt=0.2202 Score=0.4315

──────────────────────────────────────────────────
Fold 3/5
  LSTM Train: 55575, Val: 14137
  E  1: loss=2.7477 F1_act=0.2031 F1_pt=0.1384 Score=0.3366 tf_p=0.50
  E  5: loss=2.2778 F1_act=0.3534 F1_pt=0.1768 Score=0.4121 tf_p=0.45
  E 10: loss=2.1623 F1_act=0.3738 F1_pt=0.1809 Score=0.4219 tf_p=0.39
  E 15: loss=2.1263 F1_act=0.3819 F1_pt=0.1865 Score=0.4274 tf_p=0.33
  E 20: loss=2.1200 F1_act=0.3839 F1_pt=0.1864 Score=0.4281 tf_p=0.26
  E 25: loss=2.1045 F1_act=0.3818 F1_pt=0.1942 Score=0.4304 tf_p=0.20
  E 30: loss=2.0764 F1_act=0.3851 F1_pt=0.1985 Score=0.4335 tf_p=0.14
  E 35: loss=2.0606 F1_act=0.3889 F1_pt=0.2008 Score=0.4359 tf_p=0.08
  E 40: loss=2.0417 F1_act=0.3857 F1_pt=0.1999 Score=0.4343 tf_p=0.01
  Fold 3 best: 0.4382
  LGB Train: 55575, Val: 14137
Training until validation scores don't improve for 30 rounds
Early stopping, best iteration is:
[56]	valid_0's multi_logloss: 1.5648
  LGB actionId: F1=0.3047 (best_iter=56)
Training until validation scores don't improve for 30 rounds
Early stopping, best iteration is:
[83]	valid_0's multi_logloss: 1.80407
  LGB pointId: F1=0.1637 (best_iter=83)
  Ensemble F1_act=0.3528 F1_pt=0.1870 Score=0.4159

──────────────────────────────────────────────────
Fold 4/5
  LSTM Train: 56048, Val: 13664
  E  1: loss=2.7655 F1_act=0.2154 F1_pt=0.1213 Score=0.3347 tf_p=0.50
  E  5: loss=2.2660 F1_act=0.3624 F1_pt=0.1716 Score=0.4136 tf_p=0.45
  E 10: loss=2.1530 F1_act=0.3977 F1_pt=0.1771 Score=0.4299 tf_p=0.39
  E 15: loss=2.1161 F1_act=0.4038 F1_pt=0.1816 Score=0.4342 tf_p=0.33
  E 20: loss=2.1121 F1_act=0.4042 F1_pt=0.1826 Score=0.4347 tf_p=0.26
  E 25: loss=2.0982 F1_act=0.4146 F1_pt=0.1898 Score=0.4417 tf_p=0.20
  E 30: loss=2.0715 F1_act=0.4190 F1_pt=0.1953 Score=0.4457 tf_p=0.14
  E 35: loss=2.0485 F1_act=0.4158 F1_pt=0.1902 Score=0.4424 tf_p=0.08
  E 40: loss=2.0376 F1_act=0.4191 F1_pt=0.1935 Score=0.4451 tf_p=0.01
  Early stop at epoch 40
  Fold 4 best: 0.4457
  LGB Train: 56048, Val: 13664
Training until validation scores don't improve for 30 rounds
Early stopping, best iteration is:
[70]	valid_0's multi_logloss: 1.53998
  LGB actionId: F1=0.3102 (best_iter=70)
Training until validation scores don't improve for 30 rounds
Early stopping, best iteration is:
[83]	valid_0's multi_logloss: 1.78637
  LGB pointId: F1=0.1724 (best_iter=83)
  Ensemble F1_act=0.3420 F1_pt=0.1863 Score=0.4113

──────────────────────────────────────────────────
Fold 5/5
  LSTM Train: 52517, Val: 17195
  E  1: loss=2.7802 F1_act=0.1734 F1_pt=0.1307 Score=0.3216 tf_p=0.50
  E  5: loss=2.2803 F1_act=0.3358 F1_pt=0.1778 Score=0.4054 tf_p=0.45
  E 10: loss=2.1621 F1_act=0.3705 F1_pt=0.1910 Score=0.4246 tf_p=0.39
  E 15: loss=2.1311 F1_act=0.3748 F1_pt=0.2090 Score=0.4335 tf_p=0.33
  E 20: loss=2.1182 F1_act=0.3749 F1_pt=0.2082 Score=0.4333 tf_p=0.26
  E 25: loss=2.1040 F1_act=0.3668 F1_pt=0.2152 Score=0.4328 tf_p=0.20
  E 30: loss=2.0779 F1_act=0.3784 F1_pt=0.2109 Score=0.4358 tf_p=0.14
  E 35: loss=2.0533 F1_act=0.3797 F1_pt=0.2166 Score=0.4385 tf_p=0.08
  E 40: loss=2.0404 F1_act=0.3805 F1_pt=0.2160 Score=0.4386 tf_p=0.01
  Fold 5 best: 0.4389
  LGB Train: 52517, Val: 17195
Training until validation scores don't improve for 30 rounds
Early stopping, best iteration is:
[122]	valid_0's multi_logloss: 1.43646
  LGB actionId: F1=0.2974 (best_iter=122)
Training until validation scores don't improve for 30 rounds
Early stopping, best iteration is:
[83]	valid_0's multi_logloss: 1.77601
  LGB pointId: F1=0.1789 (best_iter=83)
  Ensemble F1_act=0.3426 F1_pt=0.2032 Score=0.4183

============================================================
OOF Ensemble 校準...

  搜尋最佳 ensemble 權重...
  最佳 LSTM 權重: 0.90, Score: 0.4301

  actionId 校準:

  pointId 校準:

  最終校準 CV: F1_act=0.3648 F1_pt=0.2290 Score=0.4375

============================================================
生成測試預測...
  [WARN] Test CSV has no serverGetPoint column → submission uses 0.5 placeholder. Replace via predict_sgp before LB.

提交檔案: submission_v5z_md_sgpaux_s42.csv
  共 1845 筆
  actionId: {0: 61, 1: 442, 2: 99, 3: 29, 4: 64, 5: 203, 6: 225, 7: 78, 8: 4, 9: 30, 10: 230, 11: 116, 12: 46, 13: 210, 14: 8}
  pointId:  {0: 399, 1: 3, 2: 134, 4: 64, 5: 112, 6: 29, 7: 216, 8: 212, 9: 676}

完成!
