============================================================
Device: cuda
載入資料...
  Train: 84707 rows, 14995 rallies
  Test:  3589 rows, 1236 rallies
  選手數: 189

============================================================
準備資料...
  3000/14995...
  6000/14995...
  9000/14995...
  12000/14995...
  LSTM 訓練樣本: 69712
  LSTM 測試樣本: 1236
建立 LGB 特徵...
  [LGB] 3000/14995...
  [LGB] 6000/14995...
  [LGB] 9000/14995...
  [LGB] 12000/14995...
  LGB 特徵: 48 個
  準備完成 (18.5s)

  actionId weights: {0: 0.426, 1: 0.155, 2: 0.242, 3: 0.418, 4: 0.376, 5: 0.298, 6: 0.237, 7: 0.513, 8: 1.0, 9: 0.684, 10: 0.182, 11: 0.325, 12: 0.287, 13: 0.218, 14: 0.779}
  pointId weights:  {0: 0.115, 1: 0.591, 2: 0.325, 3: 1.0, 4: 0.26, 5: 0.176, 6: 0.21, 7: 0.149, 8: 0.128, 9: 0.112}

============================================================
開始 5-fold CV (V5: LSTM+LGB Ensemble)
  CV: StratifiedGroupKFold by match_id (match-disjoint)
    fold 1: 172 train matches | 44 val matches
    fold 2: 173 train matches | 43 val matches
    fold 3: 174 train matches | 42 val matches
    fold 4: 174 train matches | 42 val matches
    fold 5: 171 train matches | 45 val matches

──────────────────────────────────────────────────
Fold 1/5
  LSTM Train: 57619, Val: 12093
  E  1: loss=2.3111 F1_act=0.2507 F1_pt=0.1498 Score=0.3602 tf_p=0.50
  E  5: loss=1.9698 F1_act=0.3506 F1_pt=0.1766 Score=0.4109 tf_p=0.45
  E 10: loss=1.9072 F1_act=0.3685 F1_pt=0.1772 Score=0.4183 tf_p=0.39
  E 15: loss=1.8774 F1_act=0.3714 F1_pt=0.1842 Score=0.4222 tf_p=0.33
  E 20: loss=1.8721 F1_act=0.3747 F1_pt=0.1855 Score=0.4241 tf_p=0.26
  E 25: loss=1.8694 F1_act=0.3674 F1_pt=0.1911 Score=0.4234 tf_p=0.20
  E 30: loss=1.8417 F1_act=0.3786 F1_pt=0.1930 Score=0.4286 tf_p=0.14
  E 35: loss=1.8176 F1_act=0.3713 F1_pt=0.1966 Score=0.4271 tf_p=0.08
  E 40: loss=1.8029 F1_act=0.3713 F1_pt=0.1944 Score=0.4263 tf_p=0.01
  Fold 1 best: 0.4309
  LGB Train: 57619, Val: 12093
Training until validation scores don't improve for 30 rounds
Early stopping, best iteration is:
[121]	valid_0's multi_logloss: 1.49432
  LGB actionId: F1=0.2895 (best_iter=121)
Training until validation scores don't improve for 30 rounds
Early stopping, best iteration is:
[82]	valid_0's multi_logloss: 1.74505
  LGB pointId: F1=0.1671 (best_iter=82)
  Ensemble F1_act=0.3253 F1_pt=0.1844 Score=0.4039

──────────────────────────────────────────────────
Fold 2/5
  LSTM Train: 57089, Val: 12623
  E  1: loss=2.3123 F1_act=0.2558 F1_pt=0.1867 Score=0.3770 tf_p=0.50
  E  5: loss=1.9867 F1_act=0.3718 F1_pt=0.2107 Score=0.4330 tf_p=0.45
  E 10: loss=1.9231 F1_act=0.3774 F1_pt=0.2108 Score=0.4353 tf_p=0.39
  E 15: loss=1.8985 F1_act=0.3856 F1_pt=0.2114 Score=0.4388 tf_p=0.33
  E 20: loss=1.8913 F1_act=0.3829 F1_pt=0.2147 Score=0.4391 tf_p=0.26
  E 25: loss=1.8867 F1_act=0.3825 F1_pt=0.2213 Score=0.4415 tf_p=0.20
  E 30: loss=1.8629 F1_act=0.3794 F1_pt=0.2197 Score=0.4397 tf_p=0.14
  E 35: loss=1.8393 F1_act=0.3882 F1_pt=0.2217 Score=0.4439 tf_p=0.08
  E 40: loss=1.8217 F1_act=0.3794 F1_pt=0.2275 Score=0.4428 tf_p=0.01
  Fold 2 best: 0.4474
  LGB Train: 57089, Val: 12623
Training until validation scores don't improve for 30 rounds
Early stopping, best iteration is:
[93]	valid_0's multi_logloss: 1.35179
  LGB actionId: F1=0.3074 (best_iter=93)
Training until validation scores don't improve for 30 rounds
Early stopping, best iteration is:
[92]	valid_0's multi_logloss: 1.74913
  LGB pointId: F1=0.2054 (best_iter=92)
  Ensemble F1_act=0.3636 F1_pt=0.2168 Score=0.4322

──────────────────────────────────────────────────
Fold 3/5
  LSTM Train: 55575, Val: 14137
  E  1: loss=2.3114 F1_act=0.2192 F1_pt=0.1446 Score=0.3455 tf_p=0.50
  E  5: loss=1.9766 F1_act=0.3646 F1_pt=0.1794 Score=0.4176 tf_p=0.45
  E 10: loss=1.9132 F1_act=0.3734 F1_pt=0.1855 Score=0.4236 tf_p=0.39
  E 15: loss=1.8881 F1_act=0.3767 F1_pt=0.2015 Score=0.4313 tf_p=0.33
  E 20: loss=1.8796 F1_act=0.3774 F1_pt=0.2031 Score=0.4322 tf_p=0.26
  E 25: loss=1.8798 F1_act=0.3797 F1_pt=0.2014 Score=0.4324 tf_p=0.20
  E 30: loss=1.8510 F1_act=0.3750 F1_pt=0.2051 Score=0.4320 tf_p=0.14
  E 35: loss=1.8275 F1_act=0.3743 F1_pt=0.2074 Score=0.4327 tf_p=0.08
  Early stop at epoch 39
  Fold 3 best: 0.4335
  LGB Train: 55575, Val: 14137
Training until validation scores don't improve for 30 rounds
Early stopping, best iteration is:
[56]	valid_0's multi_logloss: 1.5648
  LGB actionId: F1=0.3047 (best_iter=56)
Training until validation scores don't improve for 30 rounds
Early stopping, best iteration is:
[83]	valid_0's multi_logloss: 1.80407
  LGB pointId: F1=0.1637 (best_iter=83)
  Ensemble F1_act=0.3531 F1_pt=0.1871 Score=0.4161

──────────────────────────────────────────────────
Fold 4/5
  LSTM Train: 56048, Val: 13664
  E  1: loss=2.3193 F1_act=0.2430 F1_pt=0.1296 Score=0.3490 tf_p=0.50
  E  5: loss=1.9765 F1_act=0.3688 F1_pt=0.1575 Score=0.4106 tf_p=0.45
  E 10: loss=1.9091 F1_act=0.3899 F1_pt=0.1896 Score=0.4318 tf_p=0.39
  E 15: loss=1.8818 F1_act=0.3935 F1_pt=0.1881 Score=0.4326 tf_p=0.33
  E 20: loss=1.8730 F1_act=0.3914 F1_pt=0.1910 Score=0.4330 tf_p=0.26
  E 25: loss=1.8694 F1_act=0.3886 F1_pt=0.1946 Score=0.4333 tf_p=0.20
  E 30: loss=1.8444 F1_act=0.3953 F1_pt=0.1981 Score=0.4373 tf_p=0.14
  E 35: loss=1.8204 F1_act=0.3862 F1_pt=0.1948 Score=0.4324 tf_p=0.08
  E 40: loss=1.8002 F1_act=0.3875 F1_pt=0.2015 Score=0.4356 tf_p=0.01
  Early stop at epoch 40
  Fold 4 best: 0.4373
  LGB Train: 56048, Val: 13664
Training until validation scores don't improve for 30 rounds
Early stopping, best iteration is:
[70]	valid_0's multi_logloss: 1.54001
  LGB actionId: F1=0.3101 (best_iter=70)
Training until validation scores don't improve for 30 rounds
Early stopping, best iteration is:
[83]	valid_0's multi_logloss: 1.78637
  LGB pointId: F1=0.1724 (best_iter=83)
  Ensemble F1_act=0.3460 F1_pt=0.1839 Score=0.4119

──────────────────────────────────────────────────
Fold 5/5
  LSTM Train: 52517, Val: 17195
  E  1: loss=2.3138 F1_act=0.2399 F1_pt=0.1505 Score=0.3561 tf_p=0.50
  E  5: loss=1.9736 F1_act=0.3381 F1_pt=0.1760 Score=0.4057 tf_p=0.45
  E 10: loss=1.9094 F1_act=0.3623 F1_pt=0.1907 Score=0.4212 tf_p=0.39
  E 15: loss=1.8815 F1_act=0.3696 F1_pt=0.1954 Score=0.4260 tf_p=0.33
  E 20: loss=1.8750 F1_act=0.3690 F1_pt=0.1995 Score=0.4274 tf_p=0.26
  E 25: loss=1.8707 F1_act=0.3612 F1_pt=0.2049 Score=0.4265 tf_p=0.20
  E 30: loss=1.8463 F1_act=0.3727 F1_pt=0.2115 Score=0.4337 tf_p=0.14
  E 35: loss=1.8172 F1_act=0.3703 F1_pt=0.2126 Score=0.4332 tf_p=0.08
  E 40: loss=1.7999 F1_act=0.3678 F1_pt=0.2156 Score=0.4334 tf_p=0.01
  Fold 5 best: 0.4361
  LGB Train: 52517, Val: 17195
Training until validation scores don't improve for 30 rounds
Early stopping, best iteration is:
[122]	valid_0's multi_logloss: 1.43647
  LGB actionId: F1=0.2974 (best_iter=122)
Training until validation scores don't improve for 30 rounds
Early stopping, best iteration is:
[83]	valid_0's multi_logloss: 1.77601
  LGB pointId: F1=0.1789 (best_iter=83)
  Ensemble F1_act=0.3424 F1_pt=0.2033 Score=0.4183

============================================================
OOF Ensemble 校準...

  搜尋最佳 ensemble 權重...
  最佳 LSTM 權重: 0.75, Score: 0.4279

  actionId 校準:

  pointId 校準:

  最終校準 CV: F1_act=0.3597 F1_pt=0.2334 Score=0.4372

============================================================
生成測試預測...

提交檔案: submission_v5z_md_mamba_full_s42.csv
  共 1236 筆
  actionId: {0: 53, 1: 327, 2: 76, 3: 10, 4: 60, 5: 77, 6: 118, 7: 48, 8: 6, 9: 24, 10: 166, 11: 85, 12: 38, 13: 145, 14: 3}
  pointId:  {0: 237, 1: 2, 2: 99, 4: 23, 5: 119, 6: 7, 7: 108, 8: 196, 9: 445}

完成!
