============================================================
Device: cuda
載入資料...
  Train: 84707 rows, 14995 rallies
  Test:  3589 rows, 1236 rallies
  選手數: 189

============================================================
準備資料...
  3000/14995...
  6000/14995...
  9000/14995...
  12000/14995...
  LSTM 訓練樣本: 69712
  LSTM 測試樣本: 1236
建立 LGB 特徵...
  [LGB] 3000/14995...
  [LGB] 6000/14995...
  [LGB] 9000/14995...
  [LGB] 12000/14995...
  LGB 特徵: 48 個
  準備完成 (19.5s)

  actionId weights: {0: 0.426, 1: 0.155, 2: 0.242, 3: 0.418, 4: 0.376, 5: 0.298, 6: 0.237, 7: 0.513, 8: 1.0, 9: 0.684, 10: 0.182, 11: 0.325, 12: 0.287, 13: 0.218, 14: 0.779}
  pointId weights:  {0: 0.115, 1: 0.591, 2: 0.325, 3: 1.0, 4: 0.26, 5: 0.176, 6: 0.21, 7: 0.149, 8: 0.128, 9: 0.112}

============================================================
開始 5-fold CV (V5: LSTM+LGB Ensemble)
  CV: StratifiedGroupKFold by match_id (match-disjoint)
    fold 1: 172 train matches | 44 val matches
    fold 2: 173 train matches | 43 val matches
    fold 3: 174 train matches | 42 val matches
    fold 4: 174 train matches | 42 val matches
    fold 5: 171 train matches | 45 val matches

──────────────────────────────────────────────────
Fold 1/5
  LSTM Train: 57619, Val: 12093
  E  1: loss=3.0547 F1_act=0.2172 F1_pt=0.1285 Score=0.3383 tf_p=0.50
  E  5: loss=2.4399 F1_act=0.3414 F1_pt=0.1659 Score=0.4029 tf_p=0.45
  E 10: loss=2.3113 F1_act=0.3613 F1_pt=0.1762 Score=0.4150 tf_p=0.39
  E 15: loss=2.2747 F1_act=0.3621 F1_pt=0.1781 Score=0.4161 tf_p=0.33
  E 20: loss=2.2666 F1_act=0.3668 F1_pt=0.1807 Score=0.4190 tf_p=0.26
  E 25: loss=2.2468 F1_act=0.3659 F1_pt=0.1894 Score=0.4221 tf_p=0.20
  E 30: loss=2.2157 F1_act=0.3713 F1_pt=0.1869 Score=0.4233 tf_p=0.14
  E 35: loss=2.1923 F1_act=0.3727 F1_pt=0.1985 Score=0.4285 tf_p=0.08
  E 40: loss=2.1752 F1_act=0.3752 F1_pt=0.2051 Score=0.4321 tf_p=0.01
  Fold 1 best: 0.4321
  LGB Train: 57619, Val: 12093
Training until validation scores don't improve for 30 rounds
Early stopping, best iteration is:
[121]	valid_0's multi_logloss: 1.49433
  LGB actionId: F1=0.2895 (best_iter=121)
Training until validation scores don't improve for 30 rounds
Early stopping, best iteration is:
[82]	valid_0's multi_logloss: 1.74505
  LGB pointId: F1=0.1671 (best_iter=82)
  Ensemble F1_act=0.3199 F1_pt=0.1821 Score=0.4008

──────────────────────────────────────────────────
Fold 2/5
  LSTM Train: 57089, Val: 12623
  E  1: loss=3.0876 F1_act=0.2189 F1_pt=0.1566 Score=0.3502 tf_p=0.50
  E  5: loss=2.4490 F1_act=0.3606 F1_pt=0.1979 Score=0.4234 tf_p=0.45
  E 10: loss=2.3320 F1_act=0.3811 F1_pt=0.2117 Score=0.4371 tf_p=0.39
  E 15: loss=2.2925 F1_act=0.4009 F1_pt=0.2122 Score=0.4452 tf_p=0.33
  E 20: loss=2.2832 F1_act=0.4011 F1_pt=0.2143 Score=0.4462 tf_p=0.26
  E 25: loss=2.2664 F1_act=0.3973 F1_pt=0.2158 Score=0.4453 tf_p=0.20
  E 30: loss=2.2374 F1_act=0.4028 F1_pt=0.2207 Score=0.4494 tf_p=0.14
  E 35: loss=2.2168 F1_act=0.4024 F1_pt=0.2219 Score=0.4497 tf_p=0.08
  E 40: loss=2.1950 F1_act=0.4057 F1_pt=0.2226 Score=0.4513 tf_p=0.01
  Fold 2 best: 0.4533
  LGB Train: 57089, Val: 12623
Training until validation scores don't improve for 30 rounds
Early stopping, best iteration is:
[93]	valid_0's multi_logloss: 1.35178
  LGB actionId: F1=0.3074 (best_iter=93)
Training until validation scores don't improve for 30 rounds
Early stopping, best iteration is:
[92]	valid_0's multi_logloss: 1.74913
  LGB pointId: F1=0.2054 (best_iter=92)
  Ensemble F1_act=0.3650 F1_pt=0.2139 Score=0.4316

──────────────────────────────────────────────────
Fold 3/5
  LSTM Train: 55575, Val: 14137
  E  1: loss=3.0837 F1_act=0.2060 F1_pt=0.1447 Score=0.3403 tf_p=0.50
  E  5: loss=2.4617 F1_act=0.3401 F1_pt=0.1813 Score=0.4085 tf_p=0.45
  E 10: loss=2.3254 F1_act=0.3633 F1_pt=0.1863 Score=0.4198 tf_p=0.39
  E 15: loss=2.2872 F1_act=0.3682 F1_pt=0.1916 Score=0.4239 tf_p=0.33
  E 20: loss=2.2766 F1_act=0.3710 F1_pt=0.1938 Score=0.4259 tf_p=0.26
  E 25: loss=2.2600 F1_act=0.3688 F1_pt=0.1987 Score=0.4270 tf_p=0.20
  E 30: loss=2.2270 F1_act=0.3717 F1_pt=0.2028 Score=0.4298 tf_p=0.14
  E 35: loss=2.2057 F1_act=0.3777 F1_pt=0.2017 Score=0.4318 tf_p=0.08
  E 40: loss=2.1841 F1_act=0.3816 F1_pt=0.1998 Score=0.4326 tf_p=0.01
  Fold 3 best: 0.4326
  LGB Train: 55575, Val: 14137
Training until validation scores don't improve for 30 rounds
Early stopping, best iteration is:
[56]	valid_0's multi_logloss: 1.5648
  LGB actionId: F1=0.3047 (best_iter=56)
Training until validation scores don't improve for 30 rounds
Early stopping, best iteration is:
[83]	valid_0's multi_logloss: 1.80407
  LGB pointId: F1=0.1637 (best_iter=83)
  Ensemble F1_act=0.3482 F1_pt=0.1854 Score=0.4134

──────────────────────────────────────────────────
Fold 4/5
  LSTM Train: 56048, Val: 13664
  E  1: loss=3.0639 F1_act=0.2395 F1_pt=0.1307 Score=0.3481 tf_p=0.50
  E  5: loss=2.4401 F1_act=0.3617 F1_pt=0.1629 Score=0.4098 tf_p=0.45
  E 10: loss=2.3111 F1_act=0.3908 F1_pt=0.1747 Score=0.4262 tf_p=0.39
  E 15: loss=2.2721 F1_act=0.4032 F1_pt=0.1797 Score=0.4331 tf_p=0.33
  E 20: loss=2.2686 F1_act=0.4017 F1_pt=0.1849 Score=0.4346 tf_p=0.26
  E 25: loss=2.2502 F1_act=0.4114 F1_pt=0.1882 Score=0.4398 tf_p=0.20
  E 30: loss=2.2172 F1_act=0.4117 F1_pt=0.1855 Score=0.4389 tf_p=0.14
  E 35: loss=2.1931 F1_act=0.4108 F1_pt=0.1896 Score=0.4402 tf_p=0.08
  E 40: loss=2.1765 F1_act=0.4082 F1_pt=0.1903 Score=0.4394 tf_p=0.01
  Fold 4 best: 0.4436
  LGB Train: 56048, Val: 13664
Training until validation scores don't improve for 30 rounds
Early stopping, best iteration is:
[70]	valid_0's multi_logloss: 1.53995
  LGB actionId: F1=0.3102 (best_iter=70)
Training until validation scores don't improve for 30 rounds
Early stopping, best iteration is:
[83]	valid_0's multi_logloss: 1.78637
  LGB pointId: F1=0.1724 (best_iter=83)
  Ensemble F1_act=0.3483 F1_pt=0.1806 Score=0.4115

──────────────────────────────────────────────────
Fold 5/5
  LSTM Train: 52517, Val: 17195
  E  1: loss=3.0982 F1_act=0.2125 F1_pt=0.1529 Score=0.3461 tf_p=0.50
  E  5: loss=2.4419 F1_act=0.3394 F1_pt=0.1724 Score=0.4047 tf_p=0.45
  E 10: loss=2.3160 F1_act=0.3681 F1_pt=0.1945 Score=0.4250 tf_p=0.39
  E 15: loss=2.2771 F1_act=0.3821 F1_pt=0.2012 Score=0.4333 tf_p=0.33
  E 20: loss=2.2698 F1_act=0.3792 F1_pt=0.2005 Score=0.4319 tf_p=0.26
  E 25: loss=2.2491 F1_act=0.3783 F1_pt=0.2041 Score=0.4330 tf_p=0.20
  E 30: loss=2.2207 F1_act=0.3756 F1_pt=0.2058 Score=0.4326 tf_p=0.14
  E 35: loss=2.1950 F1_act=0.3754 F1_pt=0.2146 Score=0.4360 tf_p=0.08
  E 40: loss=2.1754 F1_act=0.3828 F1_pt=0.2148 Score=0.4390 tf_p=0.01
  Fold 5 best: 0.4390
  LGB Train: 52517, Val: 17195
Training until validation scores don't improve for 30 rounds
Early stopping, best iteration is:
[122]	valid_0's multi_logloss: 1.43647
  LGB actionId: F1=0.2974 (best_iter=122)
Training until validation scores don't improve for 30 rounds
Early stopping, best iteration is:
[83]	valid_0's multi_logloss: 1.77601
  LGB pointId: F1=0.1789 (best_iter=83)
  Ensemble F1_act=0.3442 F1_pt=0.2006 Score=0.4179

============================================================
OOF Ensemble 校準...

  搜尋最佳 ensemble 權重...
  最佳 LSTM 權重: 0.85, Score: 0.4300

  actionId 校準:

  pointId 校準:

  最終校準 CV: F1_act=0.3665 F1_pt=0.2292 Score=0.4383

============================================================
生成測試預測...

提交檔案: submission_v5z_mt_full_s42.csv
  共 1236 筆
  actionId: {0: 44, 1: 306, 2: 78, 3: 7, 4: 57, 5: 85, 6: 133, 7: 55, 8: 3, 9: 24, 10: 170, 11: 82, 12: 37, 13: 150, 14: 5}
  pointId:  {0: 252, 1: 4, 2: 99, 3: 2, 4: 28, 5: 97, 6: 10, 7: 124, 8: 228, 9: 392}

完成!
