============================================================
Device: cuda
載入資料...
  Train: 84707 rows, 14995 rallies
  Test:  3589 rows, 1236 rallies
  選手數: 189

============================================================
準備資料...
  3000/14995...
  6000/14995...
  9000/14995...
  12000/14995...
  LSTM 訓練樣本: 69712
  LSTM 測試樣本: 1236
建立 LGB 特徵...
  [LGB] 3000/14995...
  [LGB] 6000/14995...
  [LGB] 9000/14995...
  [LGB] 12000/14995...
  LGB 特徵: 48 個
  準備完成 (18.2s)

  actionId weights: {0: 0.426, 1: 0.155, 2: 0.242, 3: 0.418, 4: 0.376, 5: 0.298, 6: 0.237, 7: 0.513, 8: 1.0, 9: 0.684, 10: 0.182, 11: 0.325, 12: 0.287, 13: 0.218, 14: 0.779}
  pointId weights:  {0: 0.115, 1: 0.591, 2: 0.325, 3: 1.0, 4: 0.26, 5: 0.176, 6: 0.21, 7: 0.149, 8: 0.128, 9: 0.112}

============================================================
開始 5-fold CV (V5: LSTM+LGB Ensemble)

──────────────────────────────────────────────────
Fold 1/5
  LSTM Train: 55529, Val: 14183
  E  1: loss=2.1269 F1_act=0.1952 F1_pt=0.1342 Score=0.3318 tf_p=0.50
  E  5: loss=1.7085 F1_act=0.3776 F1_pt=0.1833 Score=0.4244 tf_p=0.45
  E 10: loss=1.6103 F1_act=0.4066 F1_pt=0.2009 Score=0.4430 tf_p=0.39
  E 15: loss=1.5851 F1_act=0.4153 F1_pt=0.2051 Score=0.4481 tf_p=0.33
  E 20: loss=1.5781 F1_act=0.4197 F1_pt=0.2066 Score=0.4505 tf_p=0.26
  E 25: loss=1.5676 F1_act=0.4281 F1_pt=0.2119 Score=0.4560 tf_p=0.20
  E 30: loss=1.5480 F1_act=0.4351 F1_pt=0.2244 Score=0.4638 tf_p=0.14
  E 35: loss=1.5348 F1_act=0.4351 F1_pt=0.2291 Score=0.4657 tf_p=0.08
  E 40: loss=1.5203 F1_act=0.4343 F1_pt=0.2320 Score=0.4665 tf_p=0.01
  Fold 1 best: 0.4671
  LGB Train: 55529, Val: 14183
Training until validation scores don't improve for 30 rounds
Early stopping, best iteration is:
[170]	valid_0's multi_logloss: 1.24173
  LGB actionId: F1=0.3950 (best_iter=170)
Training until validation scores don't improve for 30 rounds
Early stopping, best iteration is:
[116]	valid_0's multi_logloss: 1.73456
  LGB pointId: F1=0.2170 (best_iter=116)
  Ensemble F1_act=0.4207 F1_pt=0.2323 Score=0.4612

──────────────────────────────────────────────────
Fold 2/5
  LSTM Train: 55886, Val: 13826
  E  1: loss=2.1301 F1_act=0.2200 F1_pt=0.1445 Score=0.3458 tf_p=0.50
  E  5: loss=1.7009 F1_act=0.4130 F1_pt=0.2063 Score=0.4477 tf_p=0.45
  E 10: loss=1.6127 F1_act=0.4559 F1_pt=0.2227 Score=0.4714 tf_p=0.39
  E 15: loss=1.5896 F1_act=0.4610 F1_pt=0.2258 Score=0.4747 tf_p=0.33
  E 20: loss=1.5839 F1_act=0.4625 F1_pt=0.2253 Score=0.4751 tf_p=0.26
  E 25: loss=1.5733 F1_act=0.4640 F1_pt=0.2321 Score=0.4785 tf_p=0.20
  E 30: loss=1.5550 F1_act=0.4776 F1_pt=0.2309 Score=0.4834 tf_p=0.14
  E 35: loss=1.5423 F1_act=0.4823 F1_pt=0.2440 Score=0.4905 tf_p=0.08
  E 40: loss=1.5289 F1_act=0.4830 F1_pt=0.2409 Score=0.4895 tf_p=0.01
  Fold 2 best: 0.4906
  LGB Train: 55886, Val: 13826
Training until validation scores don't improve for 30 rounds
Early stopping, best iteration is:
[77]	valid_0's multi_logloss: 1.27773
  LGB actionId: F1=0.3959 (best_iter=77)
Training until validation scores don't improve for 30 rounds
Early stopping, best iteration is:
[132]	valid_0's multi_logloss: 1.71267
  LGB pointId: F1=0.2331 (best_iter=132)
  Ensemble F1_act=0.4301 F1_pt=0.2496 Score=0.4719

──────────────────────────────────────────────────
Fold 3/5
  LSTM Train: 55831, Val: 13881
  E  1: loss=2.1249 F1_act=0.2095 F1_pt=0.1386 Score=0.3392 tf_p=0.50
  E  5: loss=1.7009 F1_act=0.4124 F1_pt=0.1870 Score=0.4398 tf_p=0.45
  E 10: loss=1.6076 F1_act=0.4401 F1_pt=0.2076 Score=0.4591 tf_p=0.39
  E 15: loss=1.5835 F1_act=0.4482 F1_pt=0.2080 Score=0.4625 tf_p=0.33
  E 20: loss=1.5759 F1_act=0.4554 F1_pt=0.2095 Score=0.4660 tf_p=0.26
  E 25: loss=1.5681 F1_act=0.4572 F1_pt=0.2161 Score=0.4693 tf_p=0.20
  E 30: loss=1.5490 F1_act=0.4619 F1_pt=0.2270 Score=0.4755 tf_p=0.14
  E 35: loss=1.5322 F1_act=0.4655 F1_pt=0.2302 Score=0.4783 tf_p=0.08
  E 40: loss=1.5195 F1_act=0.4663 F1_pt=0.2367 Score=0.4812 tf_p=0.01
  Fold 3 best: 0.4820
  LGB Train: 55831, Val: 13881
Training until validation scores don't improve for 30 rounds
Early stopping, best iteration is:
[127]	valid_0's multi_logloss: 1.26816
  LGB actionId: F1=0.3670 (best_iter=127)
Training until validation scores don't improve for 30 rounds
Early stopping, best iteration is:
[135]	valid_0's multi_logloss: 1.71289
  LGB pointId: F1=0.2238 (best_iter=135)
  Ensemble F1_act=0.4047 F1_pt=0.2356 Score=0.4561

──────────────────────────────────────────────────
Fold 4/5
  LSTM Train: 55858, Val: 13854
  E  1: loss=2.1089 F1_act=0.2320 F1_pt=0.1341 Score=0.3464 tf_p=0.50
  E  5: loss=1.7086 F1_act=0.3994 F1_pt=0.2046 Score=0.4416 tf_p=0.45
  E 10: loss=1.6096 F1_act=0.4327 F1_pt=0.2136 Score=0.4585 tf_p=0.39
  E 15: loss=1.5844 F1_act=0.4469 F1_pt=0.2177 Score=0.4658 tf_p=0.33
  E 20: loss=1.5795 F1_act=0.4511 F1_pt=0.2173 Score=0.4674 tf_p=0.26
  E 25: loss=1.5680 F1_act=0.4570 F1_pt=0.2317 Score=0.4755 tf_p=0.20
  E 30: loss=1.5467 F1_act=0.4610 F1_pt=0.2254 Score=0.4745 tf_p=0.14
  E 35: loss=1.5340 F1_act=0.4667 F1_pt=0.2386 Score=0.4821 tf_p=0.08
  E 40: loss=1.5207 F1_act=0.4721 F1_pt=0.2485 Score=0.4882 tf_p=0.01
  Fold 4 best: 0.4882
  LGB Train: 55858, Val: 13854
Training until validation scores don't improve for 30 rounds
Early stopping, best iteration is:
[232]	valid_0's multi_logloss: 1.25837
  LGB actionId: F1=0.3857 (best_iter=232)
Training until validation scores don't improve for 30 rounds
Early stopping, best iteration is:
[125]	valid_0's multi_logloss: 1.70462
  LGB pointId: F1=0.2296 (best_iter=125)
  Ensemble F1_act=0.4147 F1_pt=0.2484 Score=0.4652

──────────────────────────────────────────────────
Fold 5/5
  LSTM Train: 55744, Val: 13968
  E  1: loss=2.1199 F1_act=0.1945 F1_pt=0.1499 Score=0.3378 tf_p=0.50
  E  5: loss=1.7117 F1_act=0.3773 F1_pt=0.1930 Score=0.4281 tf_p=0.45
  E 10: loss=1.6138 F1_act=0.4200 F1_pt=0.2070 Score=0.4508 tf_p=0.39
  E 15: loss=1.5870 F1_act=0.4300 F1_pt=0.2199 Score=0.4600 tf_p=0.33
  E 20: loss=1.5804 F1_act=0.4315 F1_pt=0.2170 Score=0.4594 tf_p=0.26
  E 25: loss=1.5716 F1_act=0.4431 F1_pt=0.2180 Score=0.4644 tf_p=0.20
  E 30: loss=1.5520 F1_act=0.4441 F1_pt=0.2316 Score=0.4703 tf_p=0.14
  E 35: loss=1.5398 F1_act=0.4470 F1_pt=0.2386 Score=0.4743 tf_p=0.08
  E 40: loss=1.5227 F1_act=0.4520 F1_pt=0.2445 Score=0.4786 tf_p=0.01
  Fold 5 best: 0.4786
  LGB Train: 55744, Val: 13968
Training until validation scores don't improve for 30 rounds
Early stopping, best iteration is:
[215]	valid_0's multi_logloss: 1.21567
  LGB actionId: F1=0.3887 (best_iter=215)
Training until validation scores don't improve for 30 rounds
Early stopping, best iteration is:
[131]	valid_0's multi_logloss: 1.72804
  LGB pointId: F1=0.2314 (best_iter=131)
  Ensemble F1_act=0.4265 F1_pt=0.2453 Score=0.4687

============================================================
OOF Ensemble 校準...

  搜尋最佳 ensemble 權重...
  最佳 LSTM 權重: 0.60, Score: 0.4686

  actionId 校準:

  pointId 校準:

  最終校準 CV: F1_act=0.4336 F1_pt=0.2622 Score=0.4783

============================================================
生成測試預測...

提交檔案: submission_v5zSF_s42.csv
  共 1236 筆
  actionId: {0: 39, 1: 300, 2: 69, 3: 14, 4: 71, 5: 89, 6: 122, 7: 36, 8: 2, 9: 21, 10: 185, 11: 80, 12: 39, 13: 165, 14: 4}
  pointId:  {0: 235, 1: 17, 2: 65, 3: 9, 4: 22, 5: 88, 6: 17, 7: 131, 8: 201, 9: 451}

完成!
