============================================================
Device: cuda
載入資料...
  Train: 84707 rows, 14995 rallies
  Test:  3589 rows, 1236 rallies
  選手數: 189
======================================================================
V7 Advanced Calibration
======================================================================
Rebuilding sample→OOF permutation for P2 → OOF reindex...
  3000/14995...
  6000/14995...
  9000/14995...
  12000/14995...
  OOF samples: 69712  (LSTM, V5 LGB, V7 P2 LGB, all aligned)

【Baseline V7】scalar w + plug-in bias (2-way LSTM+V5LGB)
  action  w_a=0.50 F1_a=0.4387
  point   w_p=0.40 F1_p=0.2820
  V7 CV:  0.4883  (333.7s)

──────────────────────────────────────────────────────────────────────
【A】Per-class w_c (2-way LSTM + V5 LGB) + plug-in bias
  action  F1_a=0.4376  w_a range=[0.25,0.95] (11.8s)
  point   F1_p=0.2801  w_p range=[0.00,1.00] (4.4s)
  A CV:   0.4871  (Δ vs V7=-0.0012)

──────────────────────────────────────────────────────────────────────
【B】3-way scalar α*LSTM + β*V5 + (1-α-β)*V7P2 + plug-in bias
  action  α=0.50 β=0.50 γ=0.00  F1_a=0.4387 (628.7s)
  point   α=0.20 β=0.60 γ=0.20  F1_p=0.2846 (260.1s)
  B CV:   0.4893  (Δ vs V7=+0.0010)

──────────────────────────────────────────────────────────────────────
【C】Per-class α_c, β_c 3-way + plug-in bias  (heavy)
  action  F1_a=0.4380  α∈[0.30,0.80] β∈[0.10,0.60] (28.2s)
  point   F1_p=0.2836  α∈[0.00,0.80] β∈[0.00,0.80] (12.4s)
  C CV:   0.4886  (Δ vs V7=+0.0004)

======================================================================
【Summary】
variant                  F1_a     F1_p    Score
──────────────────────────────────────────────────────────────────────
V7_baseline            0.4387   0.2820   0.4883 ←
A_perclass2            0.4376   0.2801   0.4871
B_3way_scalar          0.4387   0.2846   0.4893 ←
C_perclass3            0.4380   0.2836   0.4886

🏆 Best: B_3way_scalar  CV=0.4893  (Δ vs V7=+0.0010)

Saving params + generating submission for best scheme...
  Retraining V5 LGB folds (base 49 features) for test preds...
  [LGB] 3000/14995...
  [LGB] 6000/14995...
  [LGB] 9000/14995...
  [LGB] 12000/14995...
    features built (9.5s)
Training until validation scores don't improve for 30 rounds
Early stopping, best iteration is:
[209]	valid_0's multi_logloss: 1.22709
  LGB actionId: F1=0.3949 (best_iter=209)
Training until validation scores don't improve for 30 rounds
Early stopping, best iteration is:
[246]	valid_0's multi_logloss: 1.63973
  LGB pointId: F1=0.2430 (best_iter=246)
    fold 1/5 done
Training until validation scores don't improve for 30 rounds
Early stopping, best iteration is:
[183]	valid_0's multi_logloss: 1.19873
  LGB actionId: F1=0.4084 (best_iter=183)
Training until validation scores don't improve for 30 rounds
Early stopping, best iteration is:
[180]	valid_0's multi_logloss: 1.61209
  LGB pointId: F1=0.2592 (best_iter=180)
    fold 2/5 done
Training until validation scores don't improve for 30 rounds
Early stopping, best iteration is:
[228]	valid_0's multi_logloss: 1.21485
  LGB actionId: F1=0.4034 (best_iter=228)
Training until validation scores don't improve for 30 rounds
Early stopping, best iteration is:
[207]	valid_0's multi_logloss: 1.61369
  LGB pointId: F1=0.2480 (best_iter=207)
    fold 3/5 done
Training until validation scores don't improve for 30 rounds
Early stopping, best iteration is:
[218]	valid_0's multi_logloss: 1.23502
  LGB actionId: F1=0.3858 (best_iter=218)
Training until validation scores don't improve for 30 rounds
Early stopping, best iteration is:
[196]	valid_0's multi_logloss: 1.60445
  LGB pointId: F1=0.2618 (best_iter=196)
    fold 4/5 done
Training until validation scores don't improve for 30 rounds
Early stopping, best iteration is:
[113]	valid_0's multi_logloss: 1.2423
  LGB actionId: F1=0.3833 (best_iter=113)
Training until validation scores don't improve for 30 rounds
Early stopping, best iteration is:
[176]	valid_0's multi_logloss: 1.63032
  LGB pointId: F1=0.2484 (best_iter=176)
    fold 5/5 done
  → submissions/submission_v7_advcal.csv (1236 筆)
